========================================================
 Server Started with 3 Workers
 Synchronization Mode: DISABLED
========================================================
[Worker-1] received RESERVE 10 from Client-5
[Worker-1] check Resource 10: AVAILABLE
[Worker-2] received RESERVE 10 from Client-1
[Worker-2] check Resource 10: AVAILABLE
[Worker-3] received RESERVE 10 from Client-2
[Worker-3] check Resource 10: AVAILABLE
[Worker-2] Resource 10 reserved by Client-1
[Worker-2] received RESERVE 10 from Client-4
[Worker-2] check Resource 10: RESERVED
[Worker-2] Resource 10 already reserved
[Worker-2] received RESERVE 10 from Client-3
[Worker-2] check Resource 10: RESERVED
[Worker-2] Resource 10 already reserved
[Worker-3] Resource 10 reserved by Client-2
[Worker-1] Resource 10 reserved by Client-5

[Server] Cleaning up Message Queue...
